V3 3
FL /home/student/Embedded/Test/test/main.vhd 2015/09/08.22:26:36 P.20131013
EN work/main 1441745087 FL /home/student/Embedded/Test/test/main.vhd \
      PB ieee/std_logic_1164 1381692176
AR work/main/Behavioral 1441745088 \
      FL /home/student/Embedded/Test/test/main.vhd EN work/main 1441745087
