V3 11
FL /home/student/Embedded/project_3_fsm_working/project_3.srcs/sources_1/imports/new/debounce.vhd 2015/09/24.08:42:59 P.20131013
EN work/debounce 1443076991 \
      FL /home/student/Embedded/project_3_fsm_working/project_3.srcs/sources_1/imports/new/debounce.vhd \
      PB ieee/std_logic_1164 1381692176 PB ieee/STD_LOGIC_UNSIGNED 1381692179
AR work/debounce/Behavioral 1443076992 \
      FL /home/student/Embedded/project_3_fsm_working/project_3.srcs/sources_1/imports/new/debounce.vhd \
      EN work/debounce 1443076991
FL /home/student/Embedded/project_3_fsm_working/project_3.srcs/sources_1/imports/new/fsm.vhd 2015/09/24.08:42:45 P.20131013
EN work/fsm 1443076993 \
      FL /home/student/Embedded/project_3_fsm_working/project_3.srcs/sources_1/imports/new/fsm.vhd \
      PB ieee/std_logic_1164 1381692176 PB ieee/NUMERIC_STD 1381692181
AR work/fsm/Behavioral 1443076994 \
      FL /home/student/Embedded/project_3_fsm_working/project_3.srcs/sources_1/imports/new/fsm.vhd \
      EN work/fsm 1443076993
FL /home/student/Embedded/project_3_fsm_working/project_3.srcs/sources_1/imports/new/head.vhd 2015/09/11.17:33:58 P.20131013
EN work/head 1443076995 \
      FL /home/student/Embedded/project_3_fsm_working/project_3.srcs/sources_1/imports/new/head.vhd \
      PB ieee/std_logic_1164 1381692176
AR work/head/Behavioral 1443076996 \
      FL /home/student/Embedded/project_3_fsm_working/project_3.srcs/sources_1/imports/new/head.vhd \
      EN work/head 1443076995 CP debounce CP fsm
