AR head behavioral /home/student/Embedded/project_3_fsm_working/project_3.srcs/sources_1/imports/new/head.vhd sub00/vhpl05 1442052373
EN debounce NULL /home/student/Embedded/project_3_fsm_working/project_3.srcs/sources_1/imports/new/debounce.vhd sub00/vhpl00 1442052368
EN head NULL /home/student/Embedded/project_3_fsm_working/project_3.srcs/sources_1/imports/new/head.vhd sub00/vhpl04 1442052372
AR fsm behavioral /home/student/Embedded/project_3_fsm_working/project_3.srcs/sources_1/imports/new/fsm.vhd sub00/vhpl03 1442052371
AR debounce behavioral /home/student/Embedded/project_3_fsm_working/project_3.srcs/sources_1/imports/new/debounce.vhd sub00/vhpl01 1442052369
EN fsm NULL /home/student/Embedded/project_3_fsm_working/project_3.srcs/sources_1/imports/new/fsm.vhd sub00/vhpl02 1442052370
