AR head behavioral /opt/Xilinx/14.7/ISE_DS/PlanAhead/bin/project_3/project_3.srcs/sources_1/imports/new/head.vhd sub00/vhpl05 1442050927
EN debounce NULL /opt/Xilinx/14.7/ISE_DS/PlanAhead/bin/project_3/project_3.srcs/sources_1/imports/new/debounce.vhd sub00/vhpl00 1442050922
EN head NULL /opt/Xilinx/14.7/ISE_DS/PlanAhead/bin/project_3/project_3.srcs/sources_1/imports/new/head.vhd sub00/vhpl04 1442050926
AR fsm behavioral /opt/Xilinx/14.7/ISE_DS/PlanAhead/bin/project_3/project_3.srcs/sources_1/imports/new/fsm.vhd sub00/vhpl03 1442050925
AR debounce behavioral /opt/Xilinx/14.7/ISE_DS/PlanAhead/bin/project_3/project_3.srcs/sources_1/imports/new/debounce.vhd sub00/vhpl01 1442050923
EN fsm NULL /opt/Xilinx/14.7/ISE_DS/PlanAhead/bin/project_3/project_3.srcs/sources_1/imports/new/fsm.vhd sub00/vhpl02 1442050924
