AR head behavioral /home/thomas/Documents/CloudStation/Skole/7_Semester/EMB/project_3_fsm_working/project_3.srcs/sources_1/imports/new/head.vhd sub00/vhpl05 1442054634
EN debounce NULL /home/thomas/Documents/CloudStation/Skole/7_Semester/EMB/project_3_fsm_working/project_3.srcs/sources_1/imports/new/debounce.vhd sub00/vhpl00 1442054629
EN head NULL /home/thomas/Documents/CloudStation/Skole/7_Semester/EMB/project_3_fsm_working/project_3.srcs/sources_1/imports/new/head.vhd sub00/vhpl04 1442054633
AR fsm behavioral /home/thomas/Documents/CloudStation/Skole/7_Semester/EMB/project_3_fsm_working/project_3.srcs/sources_1/imports/new/fsm.vhd sub00/vhpl03 1442054632
AR debounce behavioral /home/thomas/Documents/CloudStation/Skole/7_Semester/EMB/project_3_fsm_working/project_3.srcs/sources_1/imports/new/debounce.vhd sub00/vhpl01 1442054630
EN fsm NULL /home/thomas/Documents/CloudStation/Skole/7_Semester/EMB/project_3_fsm_working/project_3.srcs/sources_1/imports/new/fsm.vhd sub00/vhpl02 1442054631
