V3 11
FL /home/thomas/Documents/CloudStation/Skole/7_Semester/EMB/project_3_fsm_working/project_3.srcs/sources_1/imports/new/debounce.vhd 2015/09/12.12:33:37 P.20131013
EN work/debounce 1442054629 \
      FL /home/thomas/Documents/CloudStation/Skole/7_Semester/EMB/project_3_fsm_working/project_3.srcs/sources_1/imports/new/debounce.vhd \
      PB ieee/std_logic_1164 1381692176 PB ieee/STD_LOGIC_UNSIGNED 1381692179
AR work/debounce/Behavioral 1442054630 \
      FL /home/thomas/Documents/CloudStation/Skole/7_Semester/EMB/project_3_fsm_working/project_3.srcs/sources_1/imports/new/debounce.vhd \
      EN work/debounce 1442054629
FL /home/thomas/Documents/CloudStation/Skole/7_Semester/EMB/project_3_fsm_working/project_3.srcs/sources_1/imports/new/fsm.vhd 2015/09/12.12:43:38 P.20131013
EN work/fsm 1442054631 \
      FL /home/thomas/Documents/CloudStation/Skole/7_Semester/EMB/project_3_fsm_working/project_3.srcs/sources_1/imports/new/fsm.vhd \
      PB ieee/std_logic_1164 1381692176 PB ieee/NUMERIC_STD 1381692181
AR work/fsm/Behavioral 1442054632 \
      FL /home/thomas/Documents/CloudStation/Skole/7_Semester/EMB/project_3_fsm_working/project_3.srcs/sources_1/imports/new/fsm.vhd \
      EN work/fsm 1442054631
FL /home/thomas/Documents/CloudStation/Skole/7_Semester/EMB/project_3_fsm_working/project_3.srcs/sources_1/imports/new/head.vhd 2015/09/12.12:33:37 P.20131013
EN work/head 1442054633 \
      FL /home/thomas/Documents/CloudStation/Skole/7_Semester/EMB/project_3_fsm_working/project_3.srcs/sources_1/imports/new/head.vhd \
      PB ieee/std_logic_1164 1381692176
AR work/head/Behavioral 1442054634 \
      FL /home/thomas/Documents/CloudStation/Skole/7_Semester/EMB/project_3_fsm_working/project_3.srcs/sources_1/imports/new/head.vhd \
      EN work/head 1442054633 CP debounce CP fsm
