AR head behavioral /home/student/Embedded/project_3_fsm_working/project_3.srcs/sources_1/imports/new/head.vhd sub00/vhpl05 1443080781
EN debounce NULL /home/student/Embedded/project_3_fsm_working/project_3.srcs/sources_1/imports/new/debounce.vhd sub00/vhpl00 1443080776
EN head NULL /home/student/Embedded/project_3_fsm_working/project_3.srcs/sources_1/imports/new/head.vhd sub00/vhpl04 1443080780
AR fsm behavioral /home/student/Embedded/project_3_fsm_working/project_3.srcs/sources_1/imports/new/fsm.vhd sub00/vhpl03 1443080779
AR debounce behavioral /home/student/Embedded/project_3_fsm_working/project_3.srcs/sources_1/imports/new/debounce.vhd sub00/vhpl01 1443080777
EN fsm NULL /home/student/Embedded/project_3_fsm_working/project_3.srcs/sources_1/imports/new/fsm.vhd sub00/vhpl02 1443080778
