V3 11
FL /home/thomas/Documents/CloudStation/Skole/7_Semester/EMB/code/fsm/fsm.srcs/sources_1/new/debounce.vhd 2015/09/11.16:54:41 P.20131013
EN work/debounce 1441985397 \
      FL /home/thomas/Documents/CloudStation/Skole/7_Semester/EMB/code/fsm/fsm.srcs/sources_1/new/debounce.vhd \
      PB ieee/std_logic_1164 1381692176 PB ieee/STD_LOGIC_UNSIGNED 1381692179
AR work/debounce/Behavioral 1441985398 \
      FL /home/thomas/Documents/CloudStation/Skole/7_Semester/EMB/code/fsm/fsm.srcs/sources_1/new/debounce.vhd \
      EN work/debounce 1441985397
FL /home/thomas/Documents/CloudStation/Skole/7_Semester/EMB/code/fsm/fsm.srcs/sources_1/new/fsm.vhd 2015/09/11.17:29:48 P.20131013
EN work/fsm 1441985399 \
      FL /home/thomas/Documents/CloudStation/Skole/7_Semester/EMB/code/fsm/fsm.srcs/sources_1/new/fsm.vhd \
      PB ieee/std_logic_1164 1381692176
AR work/fsm/Behavioral 1441985400 \
      FL /home/thomas/Documents/CloudStation/Skole/7_Semester/EMB/code/fsm/fsm.srcs/sources_1/new/fsm.vhd \
      EN work/fsm 1441985399
FL /home/thomas/Documents/CloudStation/Skole/7_Semester/EMB/code/fsm/fsm.srcs/sources_1/new/head.vhd 2015/09/11.16:48:16 P.20131013
EN work/head 1441985401 \
      FL /home/thomas/Documents/CloudStation/Skole/7_Semester/EMB/code/fsm/fsm.srcs/sources_1/new/head.vhd \
      PB ieee/std_logic_1164 1381692176
AR work/head/Behavioral 1441985402 \
      FL /home/thomas/Documents/CloudStation/Skole/7_Semester/EMB/code/fsm/fsm.srcs/sources_1/new/head.vhd \
      EN work/head 1441985401 CP debounce CP fsm
