V3 11
FL /home/thomas/Documents/CloudStation/Skole/7_Semester/EMB/code/fsm/fsm.srcs/sources_1/new/debounce.vhd 2015/09/12.11:12:14 P.20131013
EN work/debounce 1442053069 \
      FL /home/thomas/Documents/CloudStation/Skole/7_Semester/EMB/code/fsm/fsm.srcs/sources_1/new/debounce.vhd \
      PB ieee/std_logic_1164 1381692176 PB ieee/STD_LOGIC_UNSIGNED 1381692179
AR work/debounce/Behavioral 1442053070 \
      FL /home/thomas/Documents/CloudStation/Skole/7_Semester/EMB/code/fsm/fsm.srcs/sources_1/new/debounce.vhd \
      EN work/debounce 1442053069
FL /home/thomas/Documents/CloudStation/Skole/7_Semester/EMB/code/fsm/fsm.srcs/sources_1/new/fsm.vhd 2015/09/12.12:10:13 P.20131013
EN work/fsm 1442053071 \
      FL /home/thomas/Documents/CloudStation/Skole/7_Semester/EMB/code/fsm/fsm.srcs/sources_1/new/fsm.vhd \
      PB ieee/std_logic_1164 1381692176
AR work/fsm/Behavioral 1442053072 \
      FL /home/thomas/Documents/CloudStation/Skole/7_Semester/EMB/code/fsm/fsm.srcs/sources_1/new/fsm.vhd \
      EN work/fsm 1442053071
FL /home/thomas/Documents/CloudStation/Skole/7_Semester/EMB/code/fsm/fsm.srcs/sources_1/new/head.vhd 2015/09/12.11:47:01 P.20131013
EN work/head 1442053073 \
      FL /home/thomas/Documents/CloudStation/Skole/7_Semester/EMB/code/fsm/fsm.srcs/sources_1/new/head.vhd \
      PB ieee/std_logic_1164 1381692176
AR work/head/Behavioral 1442053074 \
      FL /home/thomas/Documents/CloudStation/Skole/7_Semester/EMB/code/fsm/fsm.srcs/sources_1/new/head.vhd \
      EN work/head 1442053073 CP debounce CP fsm
