V3 3
FL /opt/Xilinx/14.7/ISE_DS/PlanAhead/bin/project_1/project_1.srcs/sources_1/new/main.vhd 2015/09/10.09:51:27 P.20131013
EN work/main 1441871496 \
      FL /opt/Xilinx/14.7/ISE_DS/PlanAhead/bin/project_1/project_1.srcs/sources_1/new/main.vhd \
      PB ieee/std_logic_1164 1381692176 PB ieee/std_logic_arith 1381692177 \
      PB ieee/STD_LOGIC_UNSIGNED 1381692179
AR work/main/Behavioral 1441871497 \
      FL /opt/Xilinx/14.7/ISE_DS/PlanAhead/bin/project_1/project_1.srcs/sources_1/new/main.vhd \
      EN work/main 1441871496
