V3 3
FL /home/student/Embedded/brick_sorter/ADC/ADC.srcs/sources_1/new/pwm.vhd 2015/10/27.13:43:57 P.20131013
EN work/pwm 1445949860 \
      FL /home/student/Embedded/brick_sorter/ADC/ADC.srcs/sources_1/new/pwm.vhd \
      PB ieee/std_logic_1164 1381692176 PB ieee/NUMERIC_STD 1381692181
AR work/pwm/Behavioral 1445949861 \
      FL /home/student/Embedded/brick_sorter/ADC/ADC.srcs/sources_1/new/pwm.vhd \
      EN work/pwm 1445949860
