V3 3
FL /opt/Xilinx/14.7/ISE_DS/PlanAhead/bin/project_5/project_5.srcs/sources_1/new/pwm.vhd 2015/10/27.00:02:55 P.20131013
EN work/pwm 1445900593 \
      FL /opt/Xilinx/14.7/ISE_DS/PlanAhead/bin/project_5/project_5.srcs/sources_1/new/pwm.vhd \
      PB ieee/std_logic_1164 1381692176
AR work/pwm/Behavioral 1445900594 \
      FL /opt/Xilinx/14.7/ISE_DS/PlanAhead/bin/project_5/project_5.srcs/sources_1/new/pwm.vhd \
      EN work/pwm 1445900593
