V3 3
FL /home/student/Embedded/brick_sorter/ADC/ADC.srcs/sources_1/new/adc.vhd 2015/10/28.00:34:31 P.20131013
EN work/adc 1446022155 \
      FL /home/student/Embedded/brick_sorter/ADC/ADC.srcs/sources_1/new/adc.vhd \
      PB ieee/std_logic_1164 1381692176 PB ieee/NUMERIC_STD 1381692181
AR work/adc/Behavioral 1446022156 \
      FL /home/student/Embedded/brick_sorter/ADC/ADC.srcs/sources_1/new/adc.vhd \
      EN work/adc 1446022155
