EN blinkyled NULL /home/thomas/Documents/CloudStation/Skole/7_Semester/EMB/code/blinkyled/blinkyled.srcs/sources_1/new/blinkyled.vhd sub00/vhpl00 1441872700
AR blinkyled behavioral /home/thomas/Documents/CloudStation/Skole/7_Semester/EMB/code/blinkyled/blinkyled.srcs/sources_1/new/blinkyled.vhd sub00/vhpl01 1441872701
