V3 3
FL /home/thomas/Documents/CloudStation/Skole/7_Semester/EMB/code/blinkyled/blinkyled.srcs/sources_1/new/blinkyled.vhd 2015/09/10.10:06:55 P.20131013
EN work/blinkyled 1441872700 \
      FL /home/thomas/Documents/CloudStation/Skole/7_Semester/EMB/code/blinkyled/blinkyled.srcs/sources_1/new/blinkyled.vhd \
      PB ieee/std_logic_1164 1381692176 PB ieee/std_logic_arith 1381692177 \
      PB ieee/STD_LOGIC_UNSIGNED 1381692179
AR work/blinkyled/Behavioral 1441872701 \
      FL /home/thomas/Documents/CloudStation/Skole/7_Semester/EMB/code/blinkyled/blinkyled.srcs/sources_1/new/blinkyled.vhd \
      EN work/blinkyled 1441872700
