AR pseudotosnet_ctrl behavioral /home/thomas/Documents/Git/EMB/brick_sorter/uTosNet/uTosNet.srcs/sources_1/imports/SRC/PTN_CTRL/PseudoTosNet_ctrl.vhd sub00/vhpl15 1446230194
AR bbfifo_16x8 low_level_definition /home/thomas/Documents/Git/EMB/brick_sorter/uTosNet/uTosNet.srcs/sources_1/imports/SRC/PTN_CTRL/bbfifo_16x8.vhd sub00/vhpl03 1446230182
AR uart_tx macro_level_definition /home/thomas/Documents/Git/EMB/brick_sorter/uTosNet/uTosNet.srcs/sources_1/imports/SRC/PTN_CTRL/uart_tx.vhd sub00/vhpl11 1446230190
MO dataRegister NULL /home/thomas/Documents/Git/EMB/brick_sorter/uTosNet/uTosNet.srcs/sources_1/ip/dataRegister/dataRegister.v vlg3B/data_register.bin 1446230179
AR kcuart_tx low_level_definition /home/thomas/Documents/Git/EMB/brick_sorter/uTosNet/uTosNet.srcs/sources_1/imports/SRC/PTN_CTRL/kcuart_tx.vhd sub00/vhpl01 1446230180
AR pseudotosnet_uart behavioral /home/thomas/Documents/Git/EMB/brick_sorter/uTosNet/uTosNet.srcs/sources_1/imports/SRC/PTN_CTRL/PseudoTosNet_uart.vhd sub00/vhpl13 1446230192
AR dataregister dataregister_a /home/thomas/Documents/Git/EMB/brick_sorter/uTosNet/uTosNet.srcs/sources_1/ip/dataRegister/dataRegister.vhd sub00/vhpl07 1446230186
AR kcuart_rx low_level_definition /home/thomas/Documents/Git/EMB/brick_sorter/uTosNet/uTosNet.srcs/sources_1/imports/SRC/PTN_CTRL/kcuart_rx.vhd sub00/vhpl05 1446230184
EN kcuart_rx NULL /home/thomas/Documents/Git/EMB/brick_sorter/uTosNet/uTosNet.srcs/sources_1/imports/SRC/PTN_CTRL/kcuart_rx.vhd sub00/vhpl04 1446230183
EN pseudotosnet_ctrl NULL /home/thomas/Documents/Git/EMB/brick_sorter/uTosNet/uTosNet.srcs/sources_1/imports/SRC/PTN_CTRL/PseudoTosNet_ctrl.vhd sub00/vhpl14 1446230193
EN kcuart_tx NULL /home/thomas/Documents/Git/EMB/brick_sorter/uTosNet/uTosNet.srcs/sources_1/imports/SRC/PTN_CTRL/kcuart_tx.vhd sub00/vhpl00 1446230179
EN bbfifo_16x8 NULL /home/thomas/Documents/Git/EMB/brick_sorter/uTosNet/uTosNet.srcs/sources_1/imports/SRC/PTN_CTRL/bbfifo_16x8.vhd sub00/vhpl02 1446230181
EN utosnet NULL /home/thomas/Documents/Git/EMB/brick_sorter/uTosNet/uTosNet.srcs/sources_1/imports/SRC/PTNX_top.vhd sub00/vhpl16 1446230195
EN dataregister NULL /home/thomas/Documents/Git/EMB/brick_sorter/uTosNet/uTosNet.srcs/sources_1/ip/dataRegister/dataRegister.vhd sub00/vhpl06 1446230185
EN pseudotosnet_uart NULL /home/thomas/Documents/Git/EMB/brick_sorter/uTosNet/uTosNet.srcs/sources_1/imports/SRC/PTN_CTRL/PseudoTosNet_uart.vhd sub00/vhpl12 1446230191
AR uart_rx macro_level_definition /home/thomas/Documents/Git/EMB/brick_sorter/uTosNet/uTosNet.srcs/sources_1/imports/SRC/PTN_CTRL/uart_rx.vhd sub00/vhpl09 1446230188
AR utosnet behavioral /home/thomas/Documents/Git/EMB/brick_sorter/uTosNet/uTosNet.srcs/sources_1/imports/SRC/PTNX_top.vhd sub00/vhpl17 1446230196
EN uart_rx NULL /home/thomas/Documents/Git/EMB/brick_sorter/uTosNet/uTosNet.srcs/sources_1/imports/SRC/PTN_CTRL/uart_rx.vhd sub00/vhpl08 1446230187
EN uart_tx NULL /home/thomas/Documents/Git/EMB/brick_sorter/uTosNet/uTosNet.srcs/sources_1/imports/SRC/PTN_CTRL/uart_tx.vhd sub00/vhpl10 1446230189
