V3 52
FL /home/thomas/Documents/Git/EMB/brick_sorter/uTosNet/uTosNet.srcs/sources_1/imports/SRC/PTNX_top.vhd 2015/10/30.19:36:07 P.20131013
EN work/uTosNet 1446230195 \
      FL /home/thomas/Documents/Git/EMB/brick_sorter/uTosNet/uTosNet.srcs/sources_1/imports/SRC/PTNX_top.vhd \
      PB ieee/std_logic_1164 1381692176 PB ieee/std_logic_arith 1381692177 \
      PB ieee/STD_LOGIC_UNSIGNED 1381692179
AR work/uTosNet/Behavioral 1446230196 \
      FL /home/thomas/Documents/Git/EMB/brick_sorter/uTosNet/uTosNet.srcs/sources_1/imports/SRC/PTNX_top.vhd \
      EN work/uTosNet 1446230195 CP PseudoTosNet_ctrl
FL /home/thomas/Documents/Git/EMB/brick_sorter/uTosNet/uTosNet.srcs/sources_1/imports/SRC/PTN_CTRL/bbfifo_16x8.vhd 2003/12/03.14:53:56 P.20131013
EN work/bbfifo_16x8 1446230181 \
      FL /home/thomas/Documents/Git/EMB/brick_sorter/uTosNet/uTosNet.srcs/sources_1/imports/SRC/PTN_CTRL/bbfifo_16x8.vhd \
      PB ieee/std_logic_1164 1381692176 PB ieee/std_logic_arith 1381692177 \
      PB ieee/STD_LOGIC_UNSIGNED 1381692179 LB unisim PH unisim/VCOMPONENTS 1381692182
AR work/bbfifo_16x8/low_level_definition 1446230182 \
      FL /home/thomas/Documents/Git/EMB/brick_sorter/uTosNet/uTosNet.srcs/sources_1/imports/SRC/PTN_CTRL/bbfifo_16x8.vhd \
      EN work/bbfifo_16x8 1446230181 CP string CP label CP SRL16E CP FDRE CP LUT4 \
      CP MUXCY CP XORCY CP FDR CP LUT3
FL /home/thomas/Documents/Git/EMB/brick_sorter/uTosNet/uTosNet.srcs/sources_1/imports/SRC/PTN_CTRL/kcuart_rx.vhd 2003/12/03.14:53:38 P.20131013
EN work/kcuart_rx 1446230183 \
      FL /home/thomas/Documents/Git/EMB/brick_sorter/uTosNet/uTosNet.srcs/sources_1/imports/SRC/PTN_CTRL/kcuart_rx.vhd \
      PB ieee/std_logic_1164 1381692176 PB ieee/std_logic_arith 1381692177 \
      PB ieee/STD_LOGIC_UNSIGNED 1381692179 LB unisim PH unisim/VCOMPONENTS 1381692182
AR work/kcuart_rx/low_level_definition 1446230184 \
      FL /home/thomas/Documents/Git/EMB/brick_sorter/uTosNet/uTosNet.srcs/sources_1/imports/SRC/PTN_CTRL/kcuart_rx.vhd \
      EN work/kcuart_rx 1446230183 CP FD CP string CP label CP SRL16E CP FDE CP LUT4 \
      CP LUT3 CP LUT2
FL /home/thomas/Documents/Git/EMB/brick_sorter/uTosNet/uTosNet.srcs/sources_1/imports/SRC/PTN_CTRL/kcuart_tx.vhd 2003/12/03.14:53:48 P.20131013
EN work/kcuart_tx 1446230179 \
      FL /home/thomas/Documents/Git/EMB/brick_sorter/uTosNet/uTosNet.srcs/sources_1/imports/SRC/PTN_CTRL/kcuart_tx.vhd \
      PB ieee/std_logic_1164 1381692176 PB ieee/std_logic_arith 1381692177 \
      PB ieee/STD_LOGIC_UNSIGNED 1381692179 LB unisim PH unisim/VCOMPONENTS 1381692182
AR work/kcuart_tx/low_level_definition 1446230180 \
      FL /home/thomas/Documents/Git/EMB/brick_sorter/uTosNet/uTosNet.srcs/sources_1/imports/SRC/PTN_CTRL/kcuart_tx.vhd \
      EN work/kcuart_tx 1446230179 CP LUT4 CP MUXF5 CP MUXF6 CP FDRS CP string \
      CP label CP FDRE CP LUT2 CP MULT_AND CP MUXCY CP XORCY CP LUT3 CP FDE CP SRL16E \
      CP FD
FL /home/thomas/Documents/Git/EMB/brick_sorter/uTosNet/uTosNet.srcs/sources_1/imports/SRC/PTN_CTRL/PseudoTosNet_ctrl.vhd 2009/11/30.14:57:50 P.20131013
EN work/PseudoTosNet_ctrl 1446230193 \
      FL /home/thomas/Documents/Git/EMB/brick_sorter/uTosNet/uTosNet.srcs/sources_1/imports/SRC/PTN_CTRL/PseudoTosNet_ctrl.vhd \
      PB ieee/std_logic_1164 1381692176 PB ieee/std_logic_arith 1381692177 \
      PB ieee/STD_LOGIC_UNSIGNED 1381692179
AR work/PseudoTosNet_ctrl/Behavioral 1446230194 \
      FL /home/thomas/Documents/Git/EMB/brick_sorter/uTosNet/uTosNet.srcs/sources_1/imports/SRC/PTN_CTRL/PseudoTosNet_ctrl.vhd \
      EN work/PseudoTosNet_ctrl 1446230193 CP PseudoTosNet_uart
FL /home/thomas/Documents/Git/EMB/brick_sorter/uTosNet/uTosNet.srcs/sources_1/imports/SRC/PTN_CTRL/PseudoTosNet_uart.vhd 2009/11/26.20:27:14 P.20131013
EN work/PseudoTosNet_uart 1446230191 \
      FL /home/thomas/Documents/Git/EMB/brick_sorter/uTosNet/uTosNet.srcs/sources_1/imports/SRC/PTN_CTRL/PseudoTosNet_uart.vhd \
      PB ieee/std_logic_1164 1381692176 PB ieee/std_logic_arith 1381692177 \
      PB ieee/STD_LOGIC_UNSIGNED 1381692179
AR work/PseudoTosNet_uart/Behavioral 1446230192 \
      FL /home/thomas/Documents/Git/EMB/brick_sorter/uTosNet/uTosNet.srcs/sources_1/imports/SRC/PTN_CTRL/PseudoTosNet_uart.vhd \
      EN work/PseudoTosNet_uart 1446230191 CP dataRegister CP uart_rx CP uart_tx
FL /home/thomas/Documents/Git/EMB/brick_sorter/uTosNet/uTosNet.srcs/sources_1/imports/SRC/PTN_CTRL/uart_rx.vhd 2003/12/03.14:53:26 P.20131013
EN work/uart_rx 1446230187 \
      FL /home/thomas/Documents/Git/EMB/brick_sorter/uTosNet/uTosNet.srcs/sources_1/imports/SRC/PTN_CTRL/uart_rx.vhd \
      PB ieee/std_logic_1164 1381692176 PB ieee/std_logic_arith 1381692177 \
      PB ieee/STD_LOGIC_UNSIGNED 1381692179 LB unisim PH unisim/VCOMPONENTS 1381692182
AR work/uart_rx/macro_level_definition 1446230188 \
      FL /home/thomas/Documents/Git/EMB/brick_sorter/uTosNet/uTosNet.srcs/sources_1/imports/SRC/PTN_CTRL/uart_rx.vhd \
      EN work/uart_rx 1446230187 CP kcuart_rx CP bbfifo_16x8
FL /home/thomas/Documents/Git/EMB/brick_sorter/uTosNet/uTosNet.srcs/sources_1/imports/SRC/PTN_CTRL/uart_tx.vhd 2003/12/03.14:53:16 P.20131013
EN work/uart_tx 1446230189 \
      FL /home/thomas/Documents/Git/EMB/brick_sorter/uTosNet/uTosNet.srcs/sources_1/imports/SRC/PTN_CTRL/uart_tx.vhd \
      PB ieee/std_logic_1164 1381692176 PB ieee/std_logic_arith 1381692177 \
      PB ieee/STD_LOGIC_UNSIGNED 1381692179 LB unisim PH unisim/VCOMPONENTS 1381692182
AR work/uart_tx/macro_level_definition 1446230190 \
      FL /home/thomas/Documents/Git/EMB/brick_sorter/uTosNet/uTosNet.srcs/sources_1/imports/SRC/PTN_CTRL/uart_tx.vhd \
      EN work/uart_tx 1446230189 CP kcuart_tx CP bbfifo_16x8
FL /home/thomas/Documents/Git/EMB/brick_sorter/uTosNet/uTosNet.srcs/sources_1/ip/dataRegister/dataRegister.vhd 2015/10/27.09:30:46 P.20131013
EN work/dataRegister 1446230185 \
      FL /home/thomas/Documents/Git/EMB/brick_sorter/uTosNet/uTosNet.srcs/sources_1/ip/dataRegister/dataRegister.vhd \
      PB ieee/std_logic_1164 1381692176
AR work/dataRegister/dataRegister_a 1446230186 \
      FL /home/thomas/Documents/Git/EMB/brick_sorter/uTosNet/uTosNet.srcs/sources_1/ip/dataRegister/dataRegister.vhd \
      EN work/dataRegister 1446230185
